Warning messages:
1: package 'ggplot2' was built under R version 4.3.3 
2: package 'gridExtra' was built under R version 4.3.3 
Building high-resolution data generator and inverse Green matrix...
Kernel PSD, symmetry and constant-diagonal checks passed.

Source: Hidden narrow spike
  Hyperparameter method: Multi-start EB
    fitting: rbf
    fitting: matern05
    fitting: matern15
    fitting: matern25

Source: Broad plus sharp source
  Hyperparameter method: Multi-start EB
    fitting: rbf
    fitting: matern05
    fitting: matern15
    fitting: matern25

Source: Positive-negative dipole
  Hyperparameter method: Multi-start EB
    fitting: rbf
    fitting: matern05
    fitting: matern15
    fitting: matern25

Source: Ring-shaped source
  Hyperparameter method: Multi-start EB
    fitting: rbf
    fitting: matern05
    fitting: matern15
    fitting: matern25

Source: Moving-edge source
  Hyperparameter method: Multi-start EB
    fitting: rbf
    fitting: matern05
    fitting: matern15
    fitting: matern25

Source: Sine-cosine source
  Hyperparameter method: Multi-start EB
    fitting: rbf
    fitting: matern05
    fitting: matern15
    fitting: matern25
Skipping model averaging because --skip-ensemble=true or MAP is absent.

Completed. Results: C:/Users/Intel/Desktop/source_inversion/results/repeated_noise/jobs/eta_1e-01_rep_07
   hyper_method    hyper_label   kernel      label      RMSE       MAE
4 multistart_eb Multi-start EB      rbf        RBF 0.1584845 0.1144674
3 multistart_eb Multi-start EB matern25 Matern 2.5 0.1593736 0.1165843
2 multistart_eb Multi-start EB matern15 Matern 1.5 0.1598946 0.1176988
1 multistart_eb Multi-start EB matern05 Matern 0.5 0.1617985 0.1204041
  Coverage95   Width95 CalibrationMAE       CRPS       NLPD
4  0.8134047 0.3919040      0.1523319 0.09036536  2.2655276
3  0.8551457 0.4722275      0.1417114 0.09053965  0.6620316
2  0.8849891 0.5331813      0.1371001 0.09068400  0.1621076
1  0.9509221 0.8087374      0.1244491 0.09414627 -0.3534190

Model-combination comparison:
Not requested for this run.
