Warning messages:
1: package 'ggplot2' was built under R version 4.3.3 
2: package 'gridExtra' was built under R version 4.3.3 
Building high-resolution data generator and inverse Green matrix...
Kernel PSD, symmetry and constant-diagonal checks passed.

Source: Hidden narrow spike
  Hyperparameter method: Multi-start EB
    fitting: rbf
    fitting: matern05
    fitting: matern15
    fitting: matern25

Source: Broad plus sharp source
  Hyperparameter method: Multi-start EB
    fitting: rbf
    fitting: matern05
    fitting: matern15
    fitting: matern25

Source: Positive-negative dipole
  Hyperparameter method: Multi-start EB
    fitting: rbf
    fitting: matern05
    fitting: matern15
    fitting: matern25

Source: Ring-shaped source
  Hyperparameter method: Multi-start EB
    fitting: rbf
    fitting: matern05
    fitting: matern15
    fitting: matern25

Source: Moving-edge source
  Hyperparameter method: Multi-start EB
    fitting: rbf
    fitting: matern05
    fitting: matern15
    fitting: matern25

Source: Sine-cosine source
  Hyperparameter method: Multi-start EB
    fitting: rbf
    fitting: matern05
    fitting: matern15
    fitting: matern25
Skipping model averaging because --skip-ensemble=true or MAP is absent.

Completed. Results: C:/Users/Intel/Desktop/source_inversion/results/repeated_noise/jobs/eta_1e-03_rep_08
   hyper_method    hyper_label   kernel      label       RMSE        MAE
2 multistart_eb Multi-start EB matern15 Matern 1.5 0.08554546 0.04766695
1 multistart_eb Multi-start EB matern05 Matern 0.5 0.08645900 0.04727449
3 multistart_eb Multi-start EB matern25 Matern 2.5 0.08670758 0.04872201
4 multistart_eb Multi-start EB      rbf        RBF 0.08946376 0.05164872
  Coverage95   Width95 CalibrationMAE       CRPS       NLPD
2  0.8769582 0.2338829      0.1330277 0.04250187 -0.6088125
1  0.9556811 0.4179287      0.1355685 0.04596092 -1.0134106
3  0.8124132 0.1984319      0.1791176 0.04333131  0.5974410
4  0.7506445 0.1605644      0.2132113 0.04545654  3.9038297

Model-combination comparison:
Not requested for this run.
