Warning messages:
1: package 'ggplot2' was built under R version 4.3.3 
2: package 'gridExtra' was built under R version 4.3.3 
Building high-resolution data generator and inverse Green matrix...
Kernel PSD, symmetry and constant-diagonal checks passed.

Source: Hidden narrow spike
  Hyperparameter method: Multi-start EB
    fitting: rbf
    fitting: matern05
    fitting: matern15
    fitting: matern25

Source: Broad plus sharp source
  Hyperparameter method: Multi-start EB
    fitting: rbf
    fitting: matern05
    fitting: matern15
    fitting: matern25

Source: Positive-negative dipole
  Hyperparameter method: Multi-start EB
    fitting: rbf
    fitting: matern05
    fitting: matern15
    fitting: matern25

Source: Ring-shaped source
  Hyperparameter method: Multi-start EB
    fitting: rbf
    fitting: matern05
    fitting: matern15
    fitting: matern25

Source: Moving-edge source
  Hyperparameter method: Multi-start EB
    fitting: rbf
    fitting: matern05
    fitting: matern15
    fitting: matern25

Source: Sine-cosine source
  Hyperparameter method: Multi-start EB
    fitting: rbf
    fitting: matern05
    fitting: matern15
    fitting: matern25
Skipping model averaging because --skip-ensemble=true or MAP is absent.

Completed. Results: C:/Users/Intel/Desktop/source_inversion/results/repeated_noise/jobs/eta_1e-01_rep_09
   hyper_method    hyper_label   kernel      label      RMSE       MAE
4 multistart_eb Multi-start EB      rbf        RBF 0.1601945 0.1193317
3 multistart_eb Multi-start EB matern25 Matern 2.5 0.1654682 0.1234163
2 multistart_eb Multi-start EB matern15 Matern 1.5 0.1683068 0.1257015
1 multistart_eb Multi-start EB matern05 Matern 0.5 0.1756398 0.1305609
  Coverage95   Width95 CalibrationMAE       CRPS      NLPD
4  0.7997224 0.4946564      0.2319399 0.09908544 6.8629259
3  0.8250050 0.5996961      0.2346789 0.10224742 3.6451234
2  0.8397779 0.6784875      0.2276022 0.10385836 2.2387057
1  0.9193932 1.0133845      0.1862512 0.11146745 0.4483144

Model-combination comparison:
Not requested for this run.
