Warning messages:
1: package 'ggplot2' was built under R version 4.3.3 
2: package 'gridExtra' was built under R version 4.3.3 
Building high-resolution data generator and inverse Green matrix...
Kernel PSD, symmetry and constant-diagonal checks passed.

Source: Hidden narrow spike
  Hyperparameter method: Multi-start EB
    fitting: rbf
    fitting: matern05
    fitting: matern15
    fitting: matern25

Source: Broad plus sharp source
  Hyperparameter method: Multi-start EB
    fitting: rbf
    fitting: matern05
    fitting: matern15
    fitting: matern25

Source: Positive-negative dipole
  Hyperparameter method: Multi-start EB
    fitting: rbf
    fitting: matern05
    fitting: matern15
    fitting: matern25

Source: Ring-shaped source
  Hyperparameter method: Multi-start EB
    fitting: rbf
    fitting: matern05
    fitting: matern15
    fitting: matern25

Source: Moving-edge source
  Hyperparameter method: Multi-start EB
    fitting: rbf
    fitting: matern05
    fitting: matern15
    fitting: matern25

Source: Sine-cosine source
  Hyperparameter method: Multi-start EB
    fitting: rbf
    fitting: matern05
    fitting: matern15
    fitting: matern25
Skipping model averaging because --skip-ensemble=true or MAP is absent.

Completed. Results: C:/Users/Intel/Desktop/source_inversion/results/repeated_noise/jobs/eta_1e-02_rep_07
   hyper_method    hyper_label   kernel      label       RMSE        MAE
2 multistart_eb Multi-start EB matern15 Matern 1.5 0.09625616 0.05974885
3 multistart_eb Multi-start EB matern25 Matern 2.5 0.09632451 0.05972549
4 multistart_eb Multi-start EB      rbf        RBF 0.09854952 0.06177632
1 multistart_eb Multi-start EB matern05 Matern 0.5 0.09986989 0.06311172
  Coverage95   Width95 CalibrationMAE       CRPS       NLPD
2  0.9155265 0.2956202      0.1013969 0.04872148 -0.8166057
3  0.8924251 0.2563524      0.1093959 0.04864205 -0.5679274
4  0.8342257 0.2090892      0.1359879 0.05050390  0.3716639
1  0.9630180 0.4918314      0.1257405 0.05411837 -0.8993461

Model-combination comparison:
Not requested for this run.
