Warning messages:
1: package 'ggplot2' was built under R version 4.3.3 
2: package 'gridExtra' was built under R version 4.3.3 
Building high-resolution data generator and inverse Green matrix...
Kernel PSD, symmetry and constant-diagonal checks passed.

Source: Hidden narrow spike
  Hyperparameter method: Multi-start EB
    fitting: rbf
    fitting: matern05
    fitting: matern15
    fitting: matern25

Source: Broad plus sharp source
  Hyperparameter method: Multi-start EB
    fitting: rbf
    fitting: matern05
    fitting: matern15
    fitting: matern25

Source: Positive-negative dipole
  Hyperparameter method: Multi-start EB
    fitting: rbf
    fitting: matern05
    fitting: matern15
    fitting: matern25

Source: Ring-shaped source
  Hyperparameter method: Multi-start EB
    fitting: rbf
    fitting: matern05
    fitting: matern15
    fitting: matern25

Source: Moving-edge source
  Hyperparameter method: Multi-start EB
    fitting: rbf
    fitting: matern05
    fitting: matern15
    fitting: matern25

Source: Sine-cosine source
  Hyperparameter method: Multi-start EB
    fitting: rbf
    fitting: matern05
    fitting: matern15
    fitting: matern25
Skipping model averaging because --skip-ensemble=true or MAP is absent.

Completed. Results: C:/Users/Intel/Desktop/source_inversion/results/repeated_noise/jobs/eta_1e-01_rep_15
   hyper_method    hyper_label   kernel      label      RMSE       MAE
4 multistart_eb Multi-start EB      rbf        RBF 0.1647556 0.1202984
3 multistart_eb Multi-start EB matern25 Matern 2.5 0.1658444 0.1212408
2 multistart_eb Multi-start EB matern15 Matern 1.5 0.1663411 0.1215334
1 multistart_eb Multi-start EB matern05 Matern 0.5 0.1678439 0.1220484
  Coverage95   Width95 CalibrationMAE       CRPS       NLPD
4  0.8391830 0.5025199      0.1679925 0.09647025 2.92242072
3  0.8585168 0.5814059      0.1701835 0.09760357 1.55725384
2  0.8755701 0.6377669      0.1683245 0.09799827 0.92646580
1  0.9385287 0.8897155      0.1484505 0.10129378 0.01220679

Model-combination comparison:
Not requested for this run.
