Warning messages:
1: package 'ggplot2' was built under R version 4.3.3 
2: package 'gridExtra' was built under R version 4.3.3 
Building high-resolution data generator and inverse Green matrix...
Kernel PSD, symmetry and constant-diagonal checks passed.

Source: Hidden narrow spike
  Hyperparameter method: Multi-start EB
    fitting: rbf
    fitting: matern05
    fitting: matern15
    fitting: matern25

Source: Broad plus sharp source
  Hyperparameter method: Multi-start EB
    fitting: rbf
    fitting: matern05
    fitting: matern15
    fitting: matern25

Source: Positive-negative dipole
  Hyperparameter method: Multi-start EB
    fitting: rbf
    fitting: matern05
    fitting: matern15
    fitting: matern25

Source: Ring-shaped source
  Hyperparameter method: Multi-start EB
    fitting: rbf
    fitting: matern05
    fitting: matern15
    fitting: matern25

Source: Moving-edge source
  Hyperparameter method: Multi-start EB
    fitting: rbf
    fitting: matern05
    fitting: matern15
    fitting: matern25

Source: Sine-cosine source
  Hyperparameter method: Multi-start EB
    fitting: rbf
    fitting: matern05
    fitting: matern15
    fitting: matern25
Skipping model averaging because --skip-ensemble=true or MAP is absent.

Completed. Results: C:/Users/Intel/Desktop/source_inversion/results/repeated_noise/jobs/eta_1e-01_rep_05
   hyper_method    hyper_label   kernel      label      RMSE       MAE
4 multistart_eb Multi-start EB      rbf        RBF 0.1618572 0.1205452
3 multistart_eb Multi-start EB matern25 Matern 2.5 0.1651519 0.1232059
2 multistart_eb Multi-start EB matern15 Matern 1.5 0.1669104 0.1249808
1 multistart_eb Multi-start EB matern05 Matern 0.5 0.1703248 0.1300505
  Coverage95   Width95 CalibrationMAE       CRPS       NLPD
4  0.8727940 0.5350299      0.1265781 0.09429556  1.4870014
3  0.9011501 0.6422550      0.1377890 0.09674143  0.7064037
2  0.9182035 0.7246798      0.1472204 0.09834239  0.1602931
1  0.9712473 1.0615498      0.1487649 0.10538138 -0.2477970

Model-combination comparison:
Not requested for this run.
