Warning messages:
1: package 'ggplot2' was built under R version 4.3.3 
2: package 'gridExtra' was built under R version 4.3.3 
Building high-resolution data generator and inverse Green matrix...
Kernel PSD, symmetry and constant-diagonal checks passed.

Source: Hidden narrow spike
  Hyperparameter method: Multi-start EB
    fitting: rbf
    fitting: matern05
    fitting: matern15
    fitting: matern25

Source: Broad plus sharp source
  Hyperparameter method: Multi-start EB
    fitting: rbf
    fitting: matern05
    fitting: matern15
    fitting: matern25

Source: Positive-negative dipole
  Hyperparameter method: Multi-start EB
    fitting: rbf
    fitting: matern05
    fitting: matern15
    fitting: matern25

Source: Ring-shaped source
  Hyperparameter method: Multi-start EB
    fitting: rbf
    fitting: matern05
    fitting: matern15
    fitting: matern25

Source: Moving-edge source
  Hyperparameter method: Multi-start EB
    fitting: rbf
    fitting: matern05
    fitting: matern15
    fitting: matern25

Source: Sine-cosine source
  Hyperparameter method: Multi-start EB
    fitting: rbf
    fitting: matern05
    fitting: matern15
    fitting: matern25
Skipping model averaging because --skip-ensemble=true or MAP is absent.

Completed. Results: C:/Users/Intel/Desktop/source_inversion/results/repeated_noise/jobs/eta_1e-02_rep_18
   hyper_method    hyper_label   kernel      label       RMSE        MAE
4 multistart_eb Multi-start EB      rbf        RBF 0.09807246 0.06219327
3 multistart_eb Multi-start EB matern25 Matern 2.5 0.09848798 0.06228380
2 multistart_eb Multi-start EB matern15 Matern 1.5 0.09852010 0.06260519
1 multistart_eb Multi-start EB matern05 Matern 0.5 0.09900003 0.06266936
  Coverage95   Width95 CalibrationMAE       CRPS       NLPD
4  0.8441404 0.2136061      0.1377601 0.05060069  0.2245022
3  0.8731906 0.2614853      0.1269326 0.05062132 -0.5393987
2  0.8950030 0.2992248      0.1163846 0.05089138 -0.7634532
1  0.9637121 0.4873105      0.1224810 0.05381972 -0.9060728

Model-combination comparison:
Not requested for this run.
