Warning messages:
1: package 'ggplot2' was built under R version 4.3.3 
2: package 'gridExtra' was built under R version 4.3.3 
Building high-resolution data generator and inverse Green matrix...
Kernel PSD, symmetry and constant-diagonal checks passed.

Source: Hidden narrow spike
  Hyperparameter method: Multi-start EB
    fitting: rbf
    fitting: matern05
    fitting: matern15
    fitting: matern25

Source: Broad plus sharp source
  Hyperparameter method: Multi-start EB
    fitting: rbf
    fitting: matern05
    fitting: matern15
    fitting: matern25

Source: Positive-negative dipole
  Hyperparameter method: Multi-start EB
    fitting: rbf
    fitting: matern05
    fitting: matern15
    fitting: matern25

Source: Ring-shaped source
  Hyperparameter method: Multi-start EB
    fitting: rbf
    fitting: matern05
    fitting: matern15
    fitting: matern25

Source: Moving-edge source
  Hyperparameter method: Multi-start EB
    fitting: rbf
    fitting: matern05
    fitting: matern15
    fitting: matern25

Source: Sine-cosine source
  Hyperparameter method: Multi-start EB
    fitting: rbf
    fitting: matern05
    fitting: matern15
    fitting: matern25
Skipping model averaging because --skip-ensemble=true or MAP is absent.

Completed. Results: C:/Users/Intel/Desktop/source_inversion/results/repeated_noise/jobs/eta_1e-02_rep_20
   hyper_method    hyper_label   kernel      label       RMSE        MAE
3 multistart_eb Multi-start EB matern25 Matern 2.5 0.09747219 0.06064957
4 multistart_eb Multi-start EB      rbf        RBF 0.09774195 0.06092440
2 multistart_eb Multi-start EB matern15 Matern 1.5 0.09829675 0.06164846
1 multistart_eb Multi-start EB matern05 Matern 0.5 0.09913523 0.06238785
  Coverage95   Width95 CalibrationMAE       CRPS       NLPD
3  0.8787428 0.2550797      0.1202774 0.04944983 -0.4883973
4  0.8235177 0.2056315      0.1455791 0.05010134  0.4529559
2  0.8984731 0.2930974      0.1129516 0.05010393 -0.7329054
1  0.9613325 0.4810885      0.1263974 0.05332434 -0.9033944

Model-combination comparison:
Not requested for this run.
