Warning messages:
1: package 'ggplot2' was built under R version 4.3.3 
2: package 'gridExtra' was built under R version 4.3.3 
Building high-resolution data generator and inverse Green matrix...
Kernel PSD, symmetry and constant-diagonal checks passed.

Source: Hidden narrow spike
  Hyperparameter method: Multi-start EB
    fitting: rbf
    fitting: matern05
    fitting: matern15
    fitting: matern25

Source: Broad plus sharp source
  Hyperparameter method: Multi-start EB
    fitting: rbf
    fitting: matern05
    fitting: matern15
    fitting: matern25

Source: Positive-negative dipole
  Hyperparameter method: Multi-start EB
    fitting: rbf
    fitting: matern05
    fitting: matern15
    fitting: matern25

Source: Ring-shaped source
  Hyperparameter method: Multi-start EB
    fitting: rbf
    fitting: matern05
    fitting: matern15
    fitting: matern25

Source: Moving-edge source
  Hyperparameter method: Multi-start EB
    fitting: rbf
    fitting: matern05
    fitting: matern15
    fitting: matern25

Source: Sine-cosine source
  Hyperparameter method: Multi-start EB
    fitting: rbf
    fitting: matern05
    fitting: matern15
    fitting: matern25
Skipping model averaging because --skip-ensemble=true or MAP is absent.

Completed. Results: C:/Users/Intel/Desktop/source_inversion/results/repeated_noise/jobs/eta_1e-02_rep_11
   hyper_method    hyper_label   kernel      label       RMSE        MAE
2 multistart_eb Multi-start EB matern15 Matern 1.5 0.09484648 0.05948262
3 multistart_eb Multi-start EB matern25 Matern 2.5 0.09546297 0.05988024
1 multistart_eb Multi-start EB matern05 Matern 0.5 0.09639800 0.06078707
4 multistart_eb Multi-start EB      rbf        RBF 0.09863572 0.06233984
  Coverage95   Width95 CalibrationMAE       CRPS       NLPD
2  0.9109657 0.2889074      0.1029783 0.04856793 -0.7556782
3  0.8839976 0.2510883      0.1158380 0.04880898 -0.4487976
1  0.9636129 0.4814026      0.1294957 0.05274531 -0.9144667
4  0.8269879 0.2035706      0.1430335 0.05114745  0.6945218

Model-combination comparison:
Not requested for this run.
