Warning messages:
1: package 'ggplot2' was built under R version 4.3.3 
2: package 'gridExtra' was built under R version 4.3.3 
Building high-resolution data generator and inverse Green matrix...
Kernel PSD, symmetry and constant-diagonal checks passed.

Source: Hidden narrow spike
  Hyperparameter method: Multi-start EB
    fitting: rbf
    fitting: matern05
    fitting: matern15
    fitting: matern25

Source: Broad plus sharp source
  Hyperparameter method: Multi-start EB
    fitting: rbf
    fitting: matern05
    fitting: matern15
    fitting: matern25

Source: Positive-negative dipole
  Hyperparameter method: Multi-start EB
    fitting: rbf
    fitting: matern05
    fitting: matern15
    fitting: matern25

Source: Ring-shaped source
  Hyperparameter method: Multi-start EB
    fitting: rbf
    fitting: matern05
    fitting: matern15
    fitting: matern25

Source: Moving-edge source
  Hyperparameter method: Multi-start EB
    fitting: rbf
    fitting: matern05
    fitting: matern15
    fitting: matern25

Source: Sine-cosine source
  Hyperparameter method: Multi-start EB
    fitting: rbf
    fitting: matern05
    fitting: matern15
    fitting: matern25
Skipping model averaging because --skip-ensemble=true or MAP is absent.

Completed. Results: C:/Users/Intel/Desktop/source_inversion/results/repeated_noise/jobs/eta_1e-03_rep_10
   hyper_method    hyper_label   kernel      label       RMSE        MAE
2 multistart_eb Multi-start EB matern15 Matern 1.5 0.08536531 0.04755989
1 multistart_eb Multi-start EB matern05 Matern 0.5 0.08626770 0.04701674
3 multistart_eb Multi-start EB matern25 Matern 2.5 0.08626931 0.04853780
4 multistart_eb Multi-start EB      rbf        RBF 0.08894619 0.05133683
  Coverage95   Width95 CalibrationMAE       CRPS       NLPD
2  0.8780488 0.2346448      0.1308713 0.04236793 -0.6278287
1  0.9563752 0.4183485      0.1365971 0.04582762 -1.0159912
3  0.8213365 0.1998385      0.1750897 0.04305978  0.2322580
4  0.7444973 0.1606695      0.2160989 0.04514754  4.2306616

Model-combination comparison:
Not requested for this run.
