Warning messages:
1: package 'ggplot2' was built under R version 4.3.3 
2: package 'gridExtra' was built under R version 4.3.3 
Building high-resolution data generator and inverse Green matrix...
Kernel PSD, symmetry and constant-diagonal checks passed.

Source: Hidden narrow spike
  Hyperparameter method: Multi-start EB
    fitting: rbf
    fitting: matern05
    fitting: matern15
    fitting: matern25

Source: Broad plus sharp source
  Hyperparameter method: Multi-start EB
    fitting: rbf
    fitting: matern05
    fitting: matern15
    fitting: matern25

Source: Positive-negative dipole
  Hyperparameter method: Multi-start EB
    fitting: rbf
    fitting: matern05
    fitting: matern15
    fitting: matern25

Source: Ring-shaped source
  Hyperparameter method: Multi-start EB
    fitting: rbf
    fitting: matern05
    fitting: matern15
    fitting: matern25

Source: Moving-edge source
  Hyperparameter method: Multi-start EB
    fitting: rbf
    fitting: matern05
    fitting: matern15
    fitting: matern25

Source: Sine-cosine source
  Hyperparameter method: Multi-start EB
    fitting: rbf
    fitting: matern05
    fitting: matern15
    fitting: matern25
Skipping model averaging because --skip-ensemble=true or MAP is absent.

Completed. Results: C:/Users/Intel/Desktop/source_inversion/results/repeated_noise/jobs/eta_1e-02_rep_03
   hyper_method    hyper_label   kernel      label       RMSE        MAE
3 multistart_eb Multi-start EB matern25 Matern 2.5 0.09513105 0.05844300
4 multistart_eb Multi-start EB      rbf        RBF 0.09534736 0.05940048
2 multistart_eb Multi-start EB matern15 Matern 1.5 0.09547930 0.05876627
1 multistart_eb Multi-start EB matern05 Matern 0.5 0.09978449 0.06222175
  Coverage95   Width95 CalibrationMAE       CRPS       NLPD
3  0.8728931 0.2470613      0.1326423 0.04841635 -0.3805271
4  0.8254015 0.2048370      0.1487035 0.04893190  0.5019634
2  0.9014476 0.2830640      0.1176068 0.04867701 -0.6756742
1  0.9545905 0.4677692      0.1239311 0.05378764 -0.8806274

Model-combination comparison:
Not requested for this run.
