Warning messages:
1: package 'ggplot2' was built under R version 4.3.3 
2: package 'gridExtra' was built under R version 4.3.3 
Building high-resolution data generator and inverse Green matrix...
Kernel PSD, symmetry and constant-diagonal checks passed.

Source: Hidden narrow spike
  Hyperparameter method: Multi-start EB
    fitting: rbf
    fitting: matern05
    fitting: matern15
    fitting: matern25

Source: Broad plus sharp source
  Hyperparameter method: Multi-start EB
    fitting: rbf
    fitting: matern05
    fitting: matern15
    fitting: matern25

Source: Positive-negative dipole
  Hyperparameter method: Multi-start EB
    fitting: rbf
    fitting: matern05
    fitting: matern15
    fitting: matern25

Source: Ring-shaped source
  Hyperparameter method: Multi-start EB
    fitting: rbf
    fitting: matern05
    fitting: matern15
    fitting: matern25

Source: Moving-edge source
  Hyperparameter method: Multi-start EB
    fitting: rbf
    fitting: matern05
    fitting: matern15
    fitting: matern25

Source: Sine-cosine source
  Hyperparameter method: Multi-start EB
    fitting: rbf
    fitting: matern05
    fitting: matern15
    fitting: matern25
Skipping model averaging because --skip-ensemble=true or MAP is absent.

Completed. Results: C:/Users/Intel/Desktop/source_inversion/results/repeated_noise/jobs/eta_1e-01_rep_03
   hyper_method    hyper_label   kernel      label      RMSE       MAE
4 multistart_eb Multi-start EB      rbf        RBF 0.1621157 0.1132895
3 multistart_eb Multi-start EB matern25 Matern 2.5 0.1638843 0.1145120
2 multistart_eb Multi-start EB matern15 Matern 1.5 0.1641531 0.1145940
1 multistart_eb Multi-start EB matern05 Matern 0.5 0.1646531 0.1143624
  Coverage95   Width95 CalibrationMAE       CRPS       NLPD
4  0.8200476 0.4263931      0.1674844 0.09154826  3.0131945
3  0.8600040 0.5155039      0.1500252 0.09230519  1.3164676
2  0.8842951 0.5775357      0.1337315 0.09222375  0.6120688
1  0.9442792 0.8513244      0.1162890 0.09489023 -0.2305486

Model-combination comparison:
Not requested for this run.
