Warning messages:
1: package 'ggplot2' was built under R version 4.3.3 
2: package 'gridExtra' was built under R version 4.3.3 
Building high-resolution data generator and inverse Green matrix...
Kernel PSD, symmetry and constant-diagonal checks passed.

Source: Hidden narrow spike
  Hyperparameter method: Multi-start EB
    fitting: rbf
    fitting: matern05
    fitting: matern15
    fitting: matern25

Source: Broad plus sharp source
  Hyperparameter method: Multi-start EB
    fitting: rbf
    fitting: matern05
    fitting: matern15
    fitting: matern25

Source: Positive-negative dipole
  Hyperparameter method: Multi-start EB
    fitting: rbf
    fitting: matern05
    fitting: matern15
    fitting: matern25

Source: Ring-shaped source
  Hyperparameter method: Multi-start EB
    fitting: rbf
    fitting: matern05
    fitting: matern15
    fitting: matern25

Source: Moving-edge source
  Hyperparameter method: Multi-start EB
    fitting: rbf
    fitting: matern05
    fitting: matern15
    fitting: matern25

Source: Sine-cosine source
  Hyperparameter method: Multi-start EB
    fitting: rbf
    fitting: matern05
    fitting: matern15
    fitting: matern25
Skipping model averaging because --skip-ensemble=true or MAP is absent.

Completed. Results: C:/Users/Intel/Desktop/source_inversion/results/repeated_noise/jobs/eta_1e-02_rep_04
   hyper_method    hyper_label   kernel      label       RMSE        MAE
2 multistart_eb Multi-start EB matern15 Matern 1.5 0.09744492 0.06086488
3 multistart_eb Multi-start EB matern25 Matern 2.5 0.09774518 0.06098478
1 multistart_eb Multi-start EB matern05 Matern 0.5 0.09945722 0.06251453
4 multistart_eb Multi-start EB      rbf        RBF 0.09982994 0.06248297
  Coverage95   Width95 CalibrationMAE       CRPS       NLPD
2  0.8953004 0.2750475      0.1177479 0.04989692 -0.6427943
3  0.8650605 0.2384057      0.1360876 0.05007311 -0.2844729
1  0.9544914 0.4571775      0.1236900 0.05346932 -0.8920891
4  0.7953599 0.1939933      0.1642436 0.05176966  0.9528553

Model-combination comparison:
Not requested for this run.
