Warning messages:
1: package 'ggplot2' was built under R version 4.3.3 
2: package 'gridExtra' was built under R version 4.3.3 
Building high-resolution data generator and inverse Green matrix...
Kernel PSD, symmetry and constant-diagonal checks passed.

Source: Hidden narrow spike
  Hyperparameter method: Multi-start EB
    fitting: rbf
    fitting: matern05
    fitting: matern15
    fitting: matern25

Source: Broad plus sharp source
  Hyperparameter method: Multi-start EB
    fitting: rbf
    fitting: matern05
    fitting: matern15
    fitting: matern25

Source: Positive-negative dipole
  Hyperparameter method: Multi-start EB
    fitting: rbf
    fitting: matern05
    fitting: matern15
    fitting: matern25

Source: Ring-shaped source
  Hyperparameter method: Multi-start EB
    fitting: rbf
    fitting: matern05
    fitting: matern15
    fitting: matern25

Source: Moving-edge source
  Hyperparameter method: Multi-start EB
    fitting: rbf
    fitting: matern05
    fitting: matern15
    fitting: matern25

Source: Sine-cosine source
  Hyperparameter method: Multi-start EB
    fitting: rbf
    fitting: matern05
    fitting: matern15
    fitting: matern25
Skipping model averaging because --skip-ensemble=true or MAP is absent.

Completed. Results: C:/Users/Intel/Desktop/source_inversion/results/repeated_noise/jobs/eta_1e-02_rep_10
   hyper_method    hyper_label   kernel      label       RMSE        MAE
2 multistart_eb Multi-start EB matern15 Matern 1.5 0.09506689 0.05954259
3 multistart_eb Multi-start EB matern25 Matern 2.5 0.09527927 0.05970690
1 multistart_eb Multi-start EB matern05 Matern 0.5 0.09785022 0.06158424
4 multistart_eb Multi-start EB      rbf        RBF 0.09792014 0.06215650
  Coverage95   Width95 CalibrationMAE       CRPS       NLPD
2  0.9036288 0.2859894      0.1106919 0.04910258 -0.6933109
3  0.8819155 0.2471291      0.1125910 0.04920616 -0.3642897
1  0.9576641 0.4774652      0.1283431 0.05344930 -0.8941038
4  0.8362086 0.1943104      0.1393899 0.05151992  1.0379586

Model-combination comparison:
Not requested for this run.
