Warning messages:
1: package 'ggplot2' was built under R version 4.3.3 
2: package 'gridExtra' was built under R version 4.3.3 
Building high-resolution data generator and inverse Green matrix...
Kernel PSD, symmetry and constant-diagonal checks passed.

Source: Hidden narrow spike
  Hyperparameter method: Multi-start EB
    fitting: rbf
    fitting: matern05
    fitting: matern15
    fitting: matern25

Source: Broad plus sharp source
  Hyperparameter method: Multi-start EB
    fitting: rbf
    fitting: matern05
    fitting: matern15
    fitting: matern25

Source: Positive-negative dipole
  Hyperparameter method: Multi-start EB
    fitting: rbf
    fitting: matern05
    fitting: matern15
    fitting: matern25

Source: Ring-shaped source
  Hyperparameter method: Multi-start EB
    fitting: rbf
    fitting: matern05
    fitting: matern15
    fitting: matern25

Source: Moving-edge source
  Hyperparameter method: Multi-start EB
    fitting: rbf
    fitting: matern05
    fitting: matern15
    fitting: matern25

Source: Sine-cosine source
  Hyperparameter method: Multi-start EB
    fitting: rbf
    fitting: matern05
    fitting: matern15
    fitting: matern25
Skipping model averaging because --skip-ensemble=true or MAP is absent.

Completed. Results: C:/Users/Intel/Desktop/source_inversion/results/repeated_noise/jobs/eta_1e-01_rep_14
   hyper_method    hyper_label   kernel      label      RMSE       MAE
4 multistart_eb Multi-start EB      rbf        RBF 0.1732035 0.1275916
3 multistart_eb Multi-start EB matern25 Matern 2.5 0.1740644 0.1291038
2 multistart_eb Multi-start EB matern15 Matern 1.5 0.1750680 0.1304524
1 multistart_eb Multi-start EB matern05 Matern 0.5 0.1792143 0.1350746
  Coverage95   Width95 CalibrationMAE       CRPS       NLPD
4  0.7904025 0.3914254      0.1858819 0.09947789  4.1473949
3  0.8350188 0.4679129      0.1674862 0.09914492  1.3354238
2  0.8624826 0.5276076      0.1552515 0.09918204  0.5395248
1  0.9356534 0.7971214      0.1310669 0.10238643 -0.2338402

Model-combination comparison:
Not requested for this run.
