Warning messages:
1: package 'ggplot2' was built under R version 4.3.3 
2: package 'gridExtra' was built under R version 4.3.3 
Building high-resolution data generator and inverse Green matrix...
Kernel PSD, symmetry and constant-diagonal checks passed.

Source: Hidden narrow spike
  Hyperparameter method: Multi-start EB
    fitting: rbf
    fitting: matern05
    fitting: matern15
    fitting: matern25

Source: Broad plus sharp source
  Hyperparameter method: Multi-start EB
    fitting: rbf
    fitting: matern05
    fitting: matern15
    fitting: matern25

Source: Positive-negative dipole
  Hyperparameter method: Multi-start EB
    fitting: rbf
    fitting: matern05
    fitting: matern15
    fitting: matern25

Source: Ring-shaped source
  Hyperparameter method: Multi-start EB
    fitting: rbf
    fitting: matern05
    fitting: matern15
    fitting: matern25

Source: Moving-edge source
  Hyperparameter method: Multi-start EB
    fitting: rbf
    fitting: matern05
    fitting: matern15
    fitting: matern25

Source: Sine-cosine source
  Hyperparameter method: Multi-start EB
    fitting: rbf
    fitting: matern05
    fitting: matern15
    fitting: matern25
Skipping model averaging because --skip-ensemble=true or MAP is absent.

Completed. Results: C:/Users/Intel/Desktop/source_inversion/results/repeated_noise/jobs/eta_1e-01_rep_16
   hyper_method    hyper_label   kernel      label      RMSE       MAE
4 multistart_eb Multi-start EB      rbf        RBF 0.1733222 0.1286407
3 multistart_eb Multi-start EB matern25 Matern 2.5 0.1749572 0.1296506
2 multistart_eb Multi-start EB matern15 Matern 1.5 0.1765137 0.1308413
1 multistart_eb Multi-start EB matern05 Matern 0.5 0.1798989 0.1341361
  Coverage95   Width95 CalibrationMAE      CRPS      NLPD
4  0.8195519 0.5007357      0.1834502 0.1010750 2.9872593
3  0.8625818 0.6097090      0.1661214 0.1024132 1.5604100
2  0.8874678 0.6789453      0.1577765 0.1036424 0.9814127
1  0.9464604 0.9518763      0.1467501 0.1090855 0.1122745

Model-combination comparison:
Not requested for this run.
