Warning messages:
1: package 'ggplot2' was built under R version 4.3.3 
2: package 'gridExtra' was built under R version 4.3.3 
Building high-resolution data generator and inverse Green matrix...
Kernel PSD, symmetry and constant-diagonal checks passed.

Source: Hidden narrow spike
  Hyperparameter method: Multi-start EB
    fitting: rbf
    fitting: matern05
    fitting: matern15
    fitting: matern25

Source: Broad plus sharp source
  Hyperparameter method: Multi-start EB
    fitting: rbf
    fitting: matern05
    fitting: matern15
    fitting: matern25

Source: Positive-negative dipole
  Hyperparameter method: Multi-start EB
    fitting: rbf
    fitting: matern05
    fitting: matern15
    fitting: matern25

Source: Ring-shaped source
  Hyperparameter method: Multi-start EB
    fitting: rbf
    fitting: matern05
    fitting: matern15
    fitting: matern25

Source: Moving-edge source
  Hyperparameter method: Multi-start EB
    fitting: rbf
    fitting: matern05
    fitting: matern15
    fitting: matern25

Source: Sine-cosine source
  Hyperparameter method: Multi-start EB
    fitting: rbf
    fitting: matern05
    fitting: matern15
    fitting: matern25
Skipping model averaging because --skip-ensemble=true or MAP is absent.

Completed. Results: C:/Users/Intel/Desktop/source_inversion/results/repeated_noise/jobs/eta_1e-03_rep_15
   hyper_method    hyper_label   kernel      label       RMSE        MAE
2 multistart_eb Multi-start EB matern15 Matern 1.5 0.08589487 0.04828371
1 multistart_eb Multi-start EB matern05 Matern 0.5 0.08678231 0.04766189
3 multistart_eb Multi-start EB matern25 Matern 2.5 0.08705242 0.04934433
4 multistart_eb Multi-start EB      rbf        RBF 0.09013798 0.05234680
  Coverage95   Width95 CalibrationMAE       CRPS       NLPD
2  0.8775530 0.2343571      0.1333623 0.04282382 -0.6051871
1  0.9547888 0.4170321      0.1358907 0.04610872 -1.0113670
3  0.8061670 0.1991863      0.1875451 0.04372327  0.6132174
4  0.7291295 0.1604005      0.2299176 0.04610082  7.9001150

Model-combination comparison:
Not requested for this run.
