Warning messages:
1: package 'ggplot2' was built under R version 4.3.3 
2: package 'gridExtra' was built under R version 4.3.3 
Building high-resolution data generator and inverse Green matrix...
Kernel PSD, symmetry and constant-diagonal checks passed.

Source: Hidden narrow spike
  Hyperparameter method: Multi-start EB
    fitting: rbf
    fitting: matern05
    fitting: matern15
    fitting: matern25

Source: Broad plus sharp source
  Hyperparameter method: Multi-start EB
    fitting: rbf
    fitting: matern05
    fitting: matern15
    fitting: matern25

Source: Positive-negative dipole
  Hyperparameter method: Multi-start EB
    fitting: rbf
    fitting: matern05
    fitting: matern15
    fitting: matern25

Source: Ring-shaped source
  Hyperparameter method: Multi-start EB
    fitting: rbf
    fitting: matern05
    fitting: matern15
    fitting: matern25

Source: Moving-edge source
  Hyperparameter method: Multi-start EB
    fitting: rbf
    fitting: matern05
    fitting: matern15
    fitting: matern25

Source: Sine-cosine source
  Hyperparameter method: Multi-start EB
    fitting: rbf
    fitting: matern05
    fitting: matern15
    fitting: matern25
Skipping model averaging because --skip-ensemble=true or MAP is absent.

Completed. Results: C:/Users/Intel/Desktop/source_inversion/results/repeated_noise/jobs/eta_1e-03_rep_18
   hyper_method    hyper_label   kernel      label       RMSE        MAE
2 multistart_eb Multi-start EB matern15 Matern 1.5 0.08581037 0.04813191
1 multistart_eb Multi-start EB matern05 Matern 0.5 0.08660787 0.04736477
3 multistart_eb Multi-start EB matern25 Matern 2.5 0.08699075 0.04921045
4 multistart_eb Multi-start EB      rbf        RBF 0.08985450 0.05218511
  Coverage95   Width95 CalibrationMAE       CRPS       NLPD
2  0.8789411 0.2356194      0.1327674 0.04267359 -0.6198357
1  0.9569701 0.4202205      0.1355561 0.04604306 -1.0142488
3  0.8114218 0.1999924      0.1842361 0.04354924  0.7278797
4  0.7441007 0.1613365      0.2224196 0.04579376  5.1138724

Model-combination comparison:
Not requested for this run.
