Warning messages:
1: package 'ggplot2' was built under R version 4.3.3 
2: package 'gridExtra' was built under R version 4.3.3 
Building high-resolution data generator and inverse Green matrix...
Kernel PSD, symmetry and constant-diagonal checks passed.

Source: Hidden narrow spike
  Hyperparameter method: Multi-start EB
    fitting: rbf
    fitting: matern05
    fitting: matern15
    fitting: matern25

Source: Broad plus sharp source
  Hyperparameter method: Multi-start EB
    fitting: rbf
    fitting: matern05
    fitting: matern15
    fitting: matern25

Source: Positive-negative dipole
  Hyperparameter method: Multi-start EB
    fitting: rbf
    fitting: matern05
    fitting: matern15
    fitting: matern25

Source: Ring-shaped source
  Hyperparameter method: Multi-start EB
    fitting: rbf
    fitting: matern05
    fitting: matern15
    fitting: matern25

Source: Moving-edge source
  Hyperparameter method: Multi-start EB
    fitting: rbf
    fitting: matern05
    fitting: matern15
    fitting: matern25

Source: Sine-cosine source
  Hyperparameter method: Multi-start EB
    fitting: rbf
    fitting: matern05
    fitting: matern15
    fitting: matern25
Skipping model averaging because --skip-ensemble=true or MAP is absent.

Completed. Results: C:/Users/Intel/Desktop/source_inversion/results/repeated_noise/jobs/eta_1e-02_rep_16
   hyper_method    hyper_label   kernel      label       RMSE        MAE
2 multistart_eb Multi-start EB matern15 Matern 1.5 0.09486521 0.06202003
3 multistart_eb Multi-start EB matern25 Matern 2.5 0.09517898 0.06218405
4 multistart_eb Multi-start EB      rbf        RBF 0.09766812 0.06423460
1 multistart_eb Multi-start EB matern05 Matern 0.5 0.09790366 0.06438344
  Coverage95   Width95 CalibrationMAE       CRPS       NLPD
2  0.9024390 0.2837106      0.1166779 0.05032963 -0.7238709
3  0.8753718 0.2453012      0.1150944 0.05052941 -0.4297681
4  0.8086456 0.1983624      0.1640119 0.05246767  0.5800472
1  0.9584573 0.4737788      0.1229966 0.05434760 -0.8957650

Model-combination comparison:
Not requested for this run.
