Warning messages:
1: package 'ggplot2' was built under R version 4.3.3 
2: package 'gridExtra' was built under R version 4.3.3 
Building high-resolution data generator and inverse Green matrix...
Kernel PSD, symmetry and constant-diagonal checks passed.

Source: Hidden narrow spike
  Hyperparameter method: Multi-start EB
    fitting: rbf
    fitting: matern05
    fitting: matern15
    fitting: matern25

Source: Broad plus sharp source
  Hyperparameter method: Multi-start EB
    fitting: rbf
    fitting: matern05
    fitting: matern15
    fitting: matern25

Source: Positive-negative dipole
  Hyperparameter method: Multi-start EB
    fitting: rbf
    fitting: matern05
    fitting: matern15
    fitting: matern25

Source: Ring-shaped source
  Hyperparameter method: Multi-start EB
    fitting: rbf
    fitting: matern05
    fitting: matern15
    fitting: matern25

Source: Moving-edge source
  Hyperparameter method: Multi-start EB
    fitting: rbf
    fitting: matern05
    fitting: matern15
    fitting: matern25

Source: Sine-cosine source
  Hyperparameter method: Multi-start EB
    fitting: rbf
    fitting: matern05
    fitting: matern15
    fitting: matern25
Skipping model averaging because --skip-ensemble=true or MAP is absent.

Completed. Results: C:/Users/Intel/Desktop/source_inversion/results/repeated_noise/jobs/eta_1e-02_rep_01
   hyper_method    hyper_label   kernel      label       RMSE        MAE
2 multistart_eb Multi-start EB matern15 Matern 1.5 0.09111963 0.05458184
3 multistart_eb Multi-start EB matern25 Matern 2.5 0.09136799 0.05495856
4 multistart_eb Multi-start EB      rbf        RBF 0.09315566 0.05703090
1 multistart_eb Multi-start EB matern05 Matern 0.5 0.09456953 0.05678173
  Coverage95   Width95 CalibrationMAE       CRPS       NLPD
2  0.9149316 0.2899310      0.1147954 0.04617041 -0.7858813
3  0.8939124 0.2528002      0.1107121 0.04607263 -0.5167561
4  0.8400754 0.2078659      0.1411039 0.04729175  0.3909729
1  0.9586556 0.4748144      0.1333005 0.05146873 -0.9214081

Model-combination comparison:
Not requested for this run.
