Warning messages:
1: package 'ggplot2' was built under R version 4.3.3 
2: package 'gridExtra' was built under R version 4.3.3 
Building high-resolution data generator and inverse Green matrix...
Kernel PSD, symmetry and constant-diagonal checks passed.

Source: Hidden narrow spike
  Hyperparameter method: Multi-start EB
    fitting: rbf
    fitting: matern05
    fitting: matern15
    fitting: matern25

Source: Broad plus sharp source
  Hyperparameter method: Multi-start EB
    fitting: rbf
    fitting: matern05
    fitting: matern15
    fitting: matern25

Source: Positive-negative dipole
  Hyperparameter method: Multi-start EB
    fitting: rbf
    fitting: matern05
    fitting: matern15
    fitting: matern25

Source: Ring-shaped source
  Hyperparameter method: Multi-start EB
    fitting: rbf
    fitting: matern05
    fitting: matern15
    fitting: matern25

Source: Moving-edge source
  Hyperparameter method: Multi-start EB
    fitting: rbf
    fitting: matern05
    fitting: matern15
    fitting: matern25

Source: Sine-cosine source
  Hyperparameter method: Multi-start EB
    fitting: rbf
    fitting: matern05
    fitting: matern15
    fitting: matern25
Skipping model averaging because --skip-ensemble=true or MAP is absent.

Completed. Results: C:/Users/Intel/Desktop/source_inversion/results/repeated_noise/jobs/eta_1e-03_rep_03
   hyper_method    hyper_label   kernel      label       RMSE        MAE
2 multistart_eb Multi-start EB matern15 Matern 1.5 0.08536465 0.04766481
1 multistart_eb Multi-start EB matern05 Matern 0.5 0.08622699 0.04717903
3 multistart_eb Multi-start EB matern25 Matern 2.5 0.08633732 0.04866609
4 multistart_eb Multi-start EB      rbf        RBF 0.08880189 0.05140877
  Coverage95   Width95 CalibrationMAE       CRPS       NLPD
2  0.8768590 0.2334698      0.1386047 0.04243385 -0.5916447
1  0.9554828 0.4169395      0.1366219 0.04580112 -1.0143371
3  0.8090422 0.1989584      0.1882887 0.04322359  0.5115618
4  0.7437041 0.1606898      0.2203623 0.04524146  4.5644535

Model-combination comparison:
Not requested for this run.
