Warning messages:
1: package 'ggplot2' was built under R version 4.3.3 
2: package 'gridExtra' was built under R version 4.3.3 
Building high-resolution data generator and inverse Green matrix...
Kernel PSD, symmetry and constant-diagonal checks passed.

Source: Hidden narrow spike
  Hyperparameter method: Multi-start EB
    fitting: rbf
    fitting: matern05
    fitting: matern15
    fitting: matern25

Source: Broad plus sharp source
  Hyperparameter method: Multi-start EB
    fitting: rbf
    fitting: matern05
    fitting: matern15
    fitting: matern25

Source: Positive-negative dipole
  Hyperparameter method: Multi-start EB
    fitting: rbf
    fitting: matern05
    fitting: matern15
    fitting: matern25

Source: Ring-shaped source
  Hyperparameter method: Multi-start EB
    fitting: rbf
    fitting: matern05
    fitting: matern15
    fitting: matern25

Source: Moving-edge source
  Hyperparameter method: Multi-start EB
    fitting: rbf
    fitting: matern05
    fitting: matern15
    fitting: matern25

Source: Sine-cosine source
  Hyperparameter method: Multi-start EB
    fitting: rbf
    fitting: matern05
    fitting: matern15
    fitting: matern25
Skipping model averaging because --skip-ensemble=true or MAP is absent.

Completed. Results: C:/Users/Intel/Desktop/source_inversion/results/repeated_noise/jobs/eta_1e-01_rep_01
   hyper_method    hyper_label   kernel      label      RMSE       MAE
4 multistart_eb Multi-start EB      rbf        RBF 0.1546604 0.1102241
3 multistart_eb Multi-start EB matern25 Matern 2.5 0.1551086 0.1107269
2 multistart_eb Multi-start EB matern15 Matern 1.5 0.1554297 0.1107381
1 multistart_eb Multi-start EB matern05 Matern 0.5 0.1568416 0.1098752
  Coverage95   Width95 CalibrationMAE       CRPS       NLPD
4  0.8359112 0.3759255      0.1536599 0.08821257  1.9837433
3  0.8716042 0.4515432      0.1614680 0.08812534  0.7485764
2  0.8949038 0.5106307      0.1590265 0.08800195  0.2242150
1  0.9447749 0.7881009      0.1351399 0.09067155 -0.3447620

Model-combination comparison:
Not requested for this run.
