Warning messages:
1: package 'ggplot2' was built under R version 4.3.3 
2: package 'gridExtra' was built under R version 4.3.3 
Building high-resolution data generator and inverse Green matrix...
Kernel PSD, symmetry and constant-diagonal checks passed.

Source: Hidden narrow spike
  Hyperparameter method: Multi-start EB
    fitting: rbf
    fitting: matern05
    fitting: matern15
    fitting: matern25

Source: Broad plus sharp source
  Hyperparameter method: Multi-start EB
    fitting: rbf
    fitting: matern05
    fitting: matern15
    fitting: matern25

Source: Positive-negative dipole
  Hyperparameter method: Multi-start EB
    fitting: rbf
    fitting: matern05
    fitting: matern15
    fitting: matern25

Source: Ring-shaped source
  Hyperparameter method: Multi-start EB
    fitting: rbf
    fitting: matern05
    fitting: matern15
    fitting: matern25

Source: Moving-edge source
  Hyperparameter method: Multi-start EB
    fitting: rbf
    fitting: matern05
    fitting: matern15
    fitting: matern25

Source: Sine-cosine source
  Hyperparameter method: Multi-start EB
    fitting: rbf
    fitting: matern05
    fitting: matern15
    fitting: matern25
Skipping model averaging because --skip-ensemble=true or MAP is absent.

Completed. Results: C:/Users/Intel/Desktop/source_inversion/results/repeated_noise/jobs/eta_1e-01_rep_10
   hyper_method    hyper_label   kernel      label      RMSE       MAE
4 multistart_eb Multi-start EB      rbf        RBF 0.1477164 0.1050312
3 multistart_eb Multi-start EB matern25 Matern 2.5 0.1486289 0.1058922
2 multistart_eb Multi-start EB matern15 Matern 1.5 0.1500358 0.1067974
1 multistart_eb Multi-start EB matern05 Matern 0.5 0.1552302 0.1100294
  Coverage95   Width95 CalibrationMAE       CRPS       NLPD
4  0.8368035 0.4183724      0.1776637 0.08515286  1.9089663
3  0.8733889 0.5148842      0.1648223 0.08642887  0.6128594
2  0.8977791 0.5859627      0.1578072 0.08773603  0.1670171
1  0.9519135 0.8860953      0.1380028 0.09486373 -0.2922717

Model-combination comparison:
Not requested for this run.
