Warning messages:
1: package 'ggplot2' was built under R version 4.3.3 
2: package 'gridExtra' was built under R version 4.3.3 
Building high-resolution data generator and inverse Green matrix...
Kernel PSD, symmetry and constant-diagonal checks passed.

Source: Hidden narrow spike
  Hyperparameter method: Multi-start EB
    fitting: rbf
    fitting: matern05
    fitting: matern15
    fitting: matern25

Source: Broad plus sharp source
  Hyperparameter method: Multi-start EB
    fitting: rbf
    fitting: matern05
    fitting: matern15
    fitting: matern25

Source: Positive-negative dipole
  Hyperparameter method: Multi-start EB
    fitting: rbf
    fitting: matern05
    fitting: matern15
    fitting: matern25

Source: Ring-shaped source
  Hyperparameter method: Multi-start EB
    fitting: rbf
    fitting: matern05
    fitting: matern15
    fitting: matern25

Source: Moving-edge source
  Hyperparameter method: Multi-start EB
    fitting: rbf
    fitting: matern05
    fitting: matern15
    fitting: matern25

Source: Sine-cosine source
  Hyperparameter method: Multi-start EB
    fitting: rbf
    fitting: matern05
    fitting: matern15
    fitting: matern25
Skipping model averaging because --skip-ensemble=true or MAP is absent.

Completed. Results: C:/Users/Intel/Desktop/source_inversion/results/repeated_noise/jobs/eta_1e-02_rep_09
   hyper_method    hyper_label   kernel      label       RMSE        MAE
3 multistart_eb Multi-start EB matern25 Matern 2.5 0.09701533 0.06097653
2 multistart_eb Multi-start EB matern15 Matern 1.5 0.09716553 0.06131191
4 multistart_eb Multi-start EB      rbf        RBF 0.09881786 0.06193980
1 multistart_eb Multi-start EB matern05 Matern 0.5 0.09999968 0.06333406
  Coverage95   Width95 CalibrationMAE       CRPS       NLPD
3  0.8845925 0.2514967      0.1203288 0.05009651 -0.4405992
2  0.9034305 0.2894667      0.1133454 0.05029860 -0.7093909
4  0.8349197 0.2043903      0.1435999 0.05140119  0.5001280
1  0.9557803 0.4744682      0.1266279 0.05441770 -0.8830194

Model-combination comparison:
Not requested for this run.
