Warning messages:
1: package 'ggplot2' was built under R version 4.3.3 
2: package 'gridExtra' was built under R version 4.3.3 
Building high-resolution data generator and inverse Green matrix...
Kernel PSD, symmetry and constant-diagonal checks passed.

Source: Hidden narrow spike
  Hyperparameter method: Multi-start EB
    fitting: rbf
    fitting: matern05
    fitting: matern15
    fitting: matern25

Source: Broad plus sharp source
  Hyperparameter method: Multi-start EB
    fitting: rbf
    fitting: matern05
    fitting: matern15
    fitting: matern25

Source: Positive-negative dipole
  Hyperparameter method: Multi-start EB
    fitting: rbf
    fitting: matern05
    fitting: matern15
    fitting: matern25

Source: Ring-shaped source
  Hyperparameter method: Multi-start EB
    fitting: rbf
    fitting: matern05
    fitting: matern15
    fitting: matern25

Source: Moving-edge source
  Hyperparameter method: Multi-start EB
    fitting: rbf
    fitting: matern05
    fitting: matern15
    fitting: matern25

Source: Sine-cosine source
  Hyperparameter method: Multi-start EB
    fitting: rbf
    fitting: matern05
    fitting: matern15
    fitting: matern25
Skipping model averaging because --skip-ensemble=true or MAP is absent.

Completed. Results: C:/Users/Intel/Desktop/source_inversion/results/repeated_noise/jobs/eta_1e-02_rep_13
   hyper_method    hyper_label   kernel      label       RMSE        MAE
3 multistart_eb Multi-start EB matern25 Matern 2.5 0.09664489 0.06131576
2 multistart_eb Multi-start EB matern15 Matern 1.5 0.09672347 0.06129157
4 multistart_eb Multi-start EB      rbf        RBF 0.09853226 0.06294703
1 multistart_eb Multi-start EB matern05 Matern 0.5 0.09942828 0.06290330
  Coverage95   Width95 CalibrationMAE       CRPS       NLPD
3  0.8659528 0.2508566     0.11777389 0.05009499 -0.4998349
2  0.8937141 0.2880687     0.09382758 0.05009150 -0.7510043
4  0.8076542 0.2044531     0.16539994 0.05158924  0.4277194
1  0.9585564 0.4741435     0.11422207 0.05393508 -0.8953462

Model-combination comparison:
Not requested for this run.
