Warning messages:
1: package 'ggplot2' was built under R version 4.3.3 
2: package 'gridExtra' was built under R version 4.3.3 
Building high-resolution data generator and inverse Green matrix...
Kernel PSD, symmetry and constant-diagonal checks passed.

Source: Hidden narrow spike
  Hyperparameter method: Multi-start EB
    fitting: rbf
    fitting: matern05
    fitting: matern15
    fitting: matern25

Source: Broad plus sharp source
  Hyperparameter method: Multi-start EB
    fitting: rbf
    fitting: matern05
    fitting: matern15
    fitting: matern25

Source: Positive-negative dipole
  Hyperparameter method: Multi-start EB
    fitting: rbf
    fitting: matern05
    fitting: matern15
    fitting: matern25

Source: Ring-shaped source
  Hyperparameter method: Multi-start EB
    fitting: rbf
    fitting: matern05
    fitting: matern15
    fitting: matern25

Source: Moving-edge source
  Hyperparameter method: Multi-start EB
    fitting: rbf
    fitting: matern05
    fitting: matern15
    fitting: matern25

Source: Sine-cosine source
  Hyperparameter method: Multi-start EB
    fitting: rbf
    fitting: matern05
    fitting: matern15
    fitting: matern25
Skipping model averaging because --skip-ensemble=true or MAP is absent.
NOTE: 1 fits have a non-zero optimiser stopping code. Inspect results/optimisation.csv and increase --maxit for the paper run if needed.

Completed. Results: C:/Users/Intel/Desktop/source_inversion/results/repeated_noise/jobs/eta_1e-03_rep_11
   hyper_method    hyper_label   kernel      label       RMSE        MAE
2 multistart_eb Multi-start EB matern15 Matern 1.5 0.08524132 0.04758646
3 multistart_eb Multi-start EB matern25 Matern 2.5 0.08617131 0.04855131
1 multistart_eb Multi-start EB matern05 Matern 0.5 0.08618108 0.04706620
4 multistart_eb Multi-start EB      rbf        RBF 0.08893811 0.05136896
  Coverage95   Width95 CalibrationMAE       CRPS       NLPD
2  0.8797343 0.2356825      0.1339448 0.04239138 -0.6315502
3  0.8125124 0.2009615      0.1797001 0.04308764  0.2915575
1  0.9562760 0.4193538      0.1370929 0.04583920 -1.0164523
4  0.7448939 0.1619463      0.2140912 0.04517754  4.5432979

Model-combination comparison:
Not requested for this run.
