Warning messages:
1: package 'ggplot2' was built under R version 4.3.3 
2: package 'gridExtra' was built under R version 4.3.3 
Building high-resolution data generator and inverse Green matrix...
Kernel PSD, symmetry and constant-diagonal checks passed.

Source: Hidden narrow spike
  Hyperparameter method: Multi-start EB
    fitting: rbf
    fitting: matern05
    fitting: matern15
    fitting: matern25

Source: Broad plus sharp source
  Hyperparameter method: Multi-start EB
    fitting: rbf
    fitting: matern05
    fitting: matern15
    fitting: matern25

Source: Positive-negative dipole
  Hyperparameter method: Multi-start EB
    fitting: rbf
    fitting: matern05
    fitting: matern15
    fitting: matern25

Source: Ring-shaped source
  Hyperparameter method: Multi-start EB
    fitting: rbf
    fitting: matern05
    fitting: matern15
    fitting: matern25

Source: Moving-edge source
  Hyperparameter method: Multi-start EB
    fitting: rbf
    fitting: matern05
    fitting: matern15
    fitting: matern25

Source: Sine-cosine source
  Hyperparameter method: Multi-start EB
    fitting: rbf
    fitting: matern05
    fitting: matern15
    fitting: matern25
Skipping model averaging because --skip-ensemble=true or MAP is absent.

Completed. Results: C:/Users/Intel/Desktop/source_inversion/results/repeated_noise/jobs/eta_1e-01_rep_17
   hyper_method    hyper_label   kernel      label      RMSE       MAE
4 multistart_eb Multi-start EB      rbf        RBF 0.1563866 0.1100167
3 multistart_eb Multi-start EB matern25 Matern 2.5 0.1572227 0.1108003
2 multistart_eb Multi-start EB matern15 Matern 1.5 0.1576467 0.1112796
1 multistart_eb Multi-start EB matern05 Matern 0.5 0.1589626 0.1129806
  Coverage95   Width95 CalibrationMAE       CRPS       NLPD
4  0.7979377 0.3858986      0.1596914 0.08944805  5.2539503
3  0.8320444 0.4697847      0.1603476 0.09008517  2.3477649
2  0.8592108 0.5344181      0.1557751 0.09010475  1.1265529
1  0.9413048 0.8133332      0.1239360 0.09308371 -0.1443216

Model-combination comparison:
Not requested for this run.
